// Jest Snapshot v1, https://goo.gl/fbAQLP

exports[`renders correctly 1`] = `"{"body":"<!doctype html>\\n<html xmlns=\\"http://www.w3.org/1999/xhtml\\" xmlns:v=\\"urn:schemas-microsoft-com:vml\\" xmlns:o=\\"urn:schemas-microsoft-com:office:office\\">\\n\\n  <head>\\n    <title>\\n\\n    </title>\\n    <!--[if !mso]><!-- -->\\n    <meta http-equiv=\\"X-UA-Compatible\\" content=\\"IE=edge\\">\\n    <!--<![endif]-->\\n    <meta http-equiv=\\"Content-Type\\" content=\\"text/html; charset=UTF-8\\">\\n    <meta name=\\"viewport\\" content=\\"width=device-width, initial-scale=1\\">\\n\\n    <!--[if !mso]><!-->\\n    <style type=\\"text/css\\">\\n      @media only screen and (max-width:480px) {\\n        @-ms-viewport {\\n          width: 320px;\\n        }\\n\\n        @viewport {\\n          width: 320px;\\n        }\\n      }\\n    </style>\\n    <!--<![endif]-->\\n\\n    <!--[if mso]>\\n    <xml>\\n    <o:OfficeDocumentSettings>\\n      <o:AllowPNG/>\\n      <o:PixelsPerInch>96</o:PixelsPerInch>\\n    </o:OfficeDocumentSettings>\\n    </xml>\\n    <![endif]-->\\n    <!--[if lte mso 11]>\\n    <style type=\\"text/css\\">\\n      .outlook-group-fix { width:100% !important; }\\n    </style>\\n    <![endif]-->\\n\\n  </head>\\n\\n  <body style=\\"margin: 0; padding: 0; -webkit-text-size-adjust: 100%; -ms-text-size-adjust: 100%; font-family: Helvetica, Arial, sans-serif, 'Apple Color Emoji', 'Segoe UI Emoji', 'Segoe UI Symbol';\\">\\n\\n    <!-- MYZA_INJECTED_STYLES_START -->\\n    <!--  If you see no styles here, you may have two\\n          versions of styled-components installed in\\n          your project, causing sheet.getStyleTags()\\n          to fail\\n    -->\\n\\n    <!-- MYZA_INJECTED_STYLES_END -->\\n\\n    <!-- MYZA_BODY_START -->\\n    <div class=\\"sc-hLQSwg gULqCY\\" style=\\"background: pink;\\">Welcome to Curri,\\n      <!-- -->Brian</div>\\n    <!-- MYZA_BODY_END -->\\n  </body>\\n\\n</html>"}"`;

exports[`renders correctly for a more complex email 1`] = `"{"body":"<!doctype html>\\n<html xmlns=\\"http://www.w3.org/1999/xhtml\\" xmlns:v=\\"urn:schemas-microsoft-com:vml\\" xmlns:o=\\"urn:schemas-microsoft-com:office:office\\">\\n\\n  <head>\\n    <title>\\n\\n    </title>\\n    <!--[if !mso]><!-- -->\\n    <meta http-equiv=\\"X-UA-Compatible\\" content=\\"IE=edge\\">\\n    <!--<![endif]-->\\n    <meta http-equiv=\\"Content-Type\\" content=\\"text/html; charset=UTF-8\\">\\n    <meta name=\\"viewport\\" content=\\"width=device-width, initial-scale=1\\">\\n\\n    <!--[if !mso]><!-->\\n    <style type=\\"text/css\\">\\n      @media only screen and (max-width:480px) {\\n        @-ms-viewport {\\n          width: 320px;\\n        }\\n\\n        @viewport {\\n          width: 320px;\\n        }\\n      }\\n    </style>\\n    <!--<![endif]-->\\n\\n    <!--[if mso]>\\n    <xml>\\n    <o:OfficeDocumentSettings>\\n      <o:AllowPNG/>\\n      <o:PixelsPerInch>96</o:PixelsPerInch>\\n    </o:OfficeDocumentSettings>\\n    </xml>\\n    <![endif]-->\\n    <!--[if lte mso 11]>\\n    <style type=\\"text/css\\">\\n      .outlook-group-fix { width:100% !important; }\\n    </style>\\n    <![endif]-->\\n\\n  </head>\\n\\n  <body style=\\"margin: 0; padding: 0; -webkit-text-size-adjust: 100%; -ms-text-size-adjust: 100%; font-family: Helvetica, Arial, sans-serif, 'Apple Color Emoji', 'Segoe UI Emoji', 'Segoe UI Symbol';\\">\\n\\n    <!-- MYZA_INJECTED_STYLES_START -->\\n    <!--  If you see no styles here, you may have two\\n          versions of styled-components installed in\\n          your project, causing sheet.getStyleTags()\\n          to fail\\n    -->\\n\\n    <!-- MYZA_INJECTED_STYLES_END -->\\n\\n    <!-- MYZA_BODY_START -->\\n    <div class=\\"sc-beySPh ffqeUU\\" style=\\"display: flex; flex-direction: column; align-items: center; justify-content: center; padding: 20px; border: 2px dashed #0077ff; border-radius: 10px; margin: 10px;\\">\\n      <h2 style=\\"color:darkred;text-decoration:underline\\">Hello,\\n        <!-- -->Shaun Emerson\\n        <!-- -->!</h2>\\n      <h1 color=\\"#0077ff\\" class=\\"sc-guDLey kkCwrJ\\" style=\\"font-size: 2rem; color: #0077ff; text-shadow: 1px 1px 0px #fff;\\">Styled Heading with Prop</h1>\\n      <p class=\\"sc-dmyCSP kyqjcp\\" style=\\"color: #777; font-style: italic;\\">This is a styled paragraph. Lorem ipsum dolor sit amet, consectetur adipiscing elit.</p>\\n      <p style=\\"background-color:#f0f0f0;padding:10px;border-radius:5px\\">This paragraph has inline styles. Sed do eiusmod tempor incididunt ut labore et dolore magna aliqua.</p><a href=\\"google.com?foo=bar&bar=baz\\">Visit Google</a>\\n      <div class=\\"sc-beySPh ffqeUU\\" style=\\"display: flex; flex-direction: column; align-items: center; justify-content: center; padding: 20px; border: 2px dashed #0077ff; border-radius: 10px; margin: 10px;\\">\\n        <p class=\\"sc-dmyCSP kyqjcp\\" style=\\"color: #777; font-style: italic;\\">Nested Styled Div</p>\\n      </div>\\n    </div>\\n    <!-- MYZA_BODY_END -->\\n  </body>\\n\\n</html>"}"`;

exports[`renders with Myza component 1`] = `"{"body":"<!doctype html>\\n<html xmlns=\\"http://www.w3.org/1999/xhtml\\" xmlns:v=\\"urn:schemas-microsoft-com:vml\\" xmlns:o=\\"urn:schemas-microsoft-com:office:office\\">\\n\\n  <head>\\n    <title>\\n\\n    </title>\\n    <!--[if !mso]><!-- -->\\n    <meta http-equiv=\\"X-UA-Compatible\\" content=\\"IE=edge\\">\\n    <!--<![endif]-->\\n    <meta http-equiv=\\"Content-Type\\" content=\\"text/html; charset=UTF-8\\">\\n    <meta name=\\"viewport\\" content=\\"width=device-width, initial-scale=1\\">\\n\\n    <!--[if !mso]><!-->\\n    <style type=\\"text/css\\">\\n      @media only screen and (max-width:480px) {\\n        @-ms-viewport {\\n          width: 320px;\\n        }\\n\\n        @viewport {\\n          width: 320px;\\n        }\\n      }\\n    </style>\\n    <!--<![endif]-->\\n\\n    <!--[if mso]>\\n    <xml>\\n    <o:OfficeDocumentSettings>\\n      <o:AllowPNG/>\\n      <o:PixelsPerInch>96</o:PixelsPerInch>\\n    </o:OfficeDocumentSettings>\\n    </xml>\\n    <![endif]-->\\n    <!--[if lte mso 11]>\\n    <style type=\\"text/css\\">\\n      .outlook-group-fix { width:100% !important; }\\n    </style>\\n    <![endif]-->\\n\\n  </head>\\n\\n  <body style=\\"margin: 0; padding: 0; -webkit-text-size-adjust: 100%; -ms-text-size-adjust: 100%; font-family: Helvetica, Arial, sans-serif, 'Apple Color Emoji', 'Segoe UI Emoji', 'Segoe UI Symbol';\\">\\n\\n    <!-- MYZA_INJECTED_STYLES_START -->\\n    <!--  If you see no styles here, you may have two\\n          versions of styled-components installed in\\n          your project, causing sheet.getStyleTags()\\n          to fail\\n    -->\\n\\n    <!-- MYZA_INJECTED_STYLES_END -->\\n\\n    <!-- MYZA_BODY_START -->\\n    <table cellspacing=\\"0\\" cellpadding=\\"0\\" style=\\"border-collapse: collapse; mso-table-lspace: 0pt; mso-table-rspace: 0pt;\\">\\n      <tr>\\n        <td align=\\"center\\" style=\\"border-collapse: collapse; mso-table-lspace: 0pt; mso-table-rspace: 0pt;\\">Welcome to Curri,\\n          <!-- -->Brian</td>\\n      </tr>\\n    </table>\\n    <!-- MYZA_BODY_END -->\\n  </body>\\n\\n</html>"}"`;

exports[`renders with custom font-family 1`] = `"{"body":"<!doctype html>\\n<html xmlns=\\"http://www.w3.org/1999/xhtml\\" xmlns:v=\\"urn:schemas-microsoft-com:vml\\" xmlns:o=\\"urn:schemas-microsoft-com:office:office\\">\\n\\n  <head>\\n    <title>\\n\\n    </title>\\n    <!--[if !mso]><!-- -->\\n    <meta http-equiv=\\"X-UA-Compatible\\" content=\\"IE=edge\\">\\n    <!--<![endif]-->\\n    <meta http-equiv=\\"Content-Type\\" content=\\"text/html; charset=UTF-8\\">\\n    <meta name=\\"viewport\\" content=\\"width=device-width, initial-scale=1\\">\\n\\n    <!--[if !mso]><!-->\\n    <style type=\\"text/css\\">\\n      @media only screen and (max-width:480px) {\\n        @-ms-viewport {\\n          width: 320px;\\n        }\\n\\n        @viewport {\\n          width: 320px;\\n        }\\n      }\\n    </style>\\n    <!--<![endif]-->\\n\\n    <!--[if mso]>\\n    <xml>\\n    <o:OfficeDocumentSettings>\\n      <o:AllowPNG/>\\n      <o:PixelsPerInch>96</o:PixelsPerInch>\\n    </o:OfficeDocumentSettings>\\n    </xml>\\n    <![endif]-->\\n    <!--[if lte mso 11]>\\n    <style type=\\"text/css\\">\\n      .outlook-group-fix { width:100% !important; }\\n    </style>\\n    <![endif]-->\\n\\n  </head>\\n\\n  <body style=\\"margin: 0; padding: 0; -webkit-text-size-adjust: 100%; -ms-text-size-adjust: 100%; font-family: Comic Sans;\\">\\n\\n    <!-- MYZA_INJECTED_STYLES_START -->\\n    <!--  If you see no styles here, you may have two\\n          versions of styled-components installed in\\n          your project, causing sheet.getStyleTags()\\n          to fail\\n    -->\\n\\n    <!-- MYZA_INJECTED_STYLES_END -->\\n\\n    <!-- MYZA_BODY_START -->\\n    <div class=\\"sc-hLQSwg gULqCY\\" style=\\"background: pink;\\">Welcome to Curri,\\n      <!-- -->Brian</div>\\n    <!-- MYZA_BODY_END -->\\n  </body>\\n\\n</html>"}"`;
